✔ real catalog makes voice-style-calibration discoverable for: calibrate editorial voice from writing samples (6.562ms)
✔ real catalog makes voice-style-calibration discoverable for: keep a writing voice consistent across different audience registers (3.0712ms)
✔ real catalog makes imaginative-concept-development discoverable for: develop imaginative concepts with alternative mechanisms (2.4088ms)
✔ real catalog makes imaginative-concept-development discoverable for: explore divergent story ideas before committing to a concept (2.7569ms)
✔ real catalog makes interpersonal-understanding-and-dialogue discoverable for: understand interpersonal conflict and draft respectful dialogue (2.6223ms)
✔ real catalog makes interpersonal-understanding-and-dialogue discoverable for: reflect what participants said before assuming their motives (1.9967ms)
✔ real catalog makes memory-retention-and-recovery discoverable for: recover task memory with stale and conflicting records (2.2106ms)
✔ real catalog makes memory-retention-and-recovery discoverable for: preserve decisions with source pointers after context loss (2.48ms)
✔ real catalog makes completeness-and-consistency-audit discoverable for: audit requirements coverage omissions and cross artifact consistency (1.86ms)
✔ real catalog makes completeness-and-consistency-audit discoverable for: find missing obligations and contradictions in delivered artifacts (2.537ms)
✔ real catalog makes long-horizon-work-continuity discoverable for: continue multi day work after interruption and uncertain effects (2.0265ms)
✔ real catalog makes long-horizon-work-continuity discoverable for: resume a long horizon project without repeating a possibly completed paid job (2.248ms)
✔ cognitive additions do not displace an established specialist on a concrete DSP task (2.4354ms)
✔ export produces the exact standalone pack and a verifiable archive receipt (2578.5181ms)
✔ export is byte reproducible across locations and does not overwrite files (5310.0984ms)
✔ export rejects a modified pack before writing any archive (1525.0033ms)
✔ export refuses source-contained, relative and linked output paths (1570.0575ms)
✔ a source-contained name beginning with two dots is not a parent path (1216.2615ms)
✔ export refuses manifest bytes changed during capture even when the source is restored (7000.0989ms)
✔ selected method directory is portable, lazy, linked and reproducible (101.2822ms)
✔ method status refuses a stale resource even if a rebuild would bless new pack bytes (47.3148ms)
✔ method directory rejects undeclared resources, unsafe links, duplicates and unsupported outcome claims (114.0844ms)
✔ document-reviewed status binds bundled independent receipt and report bytes (54.4994ms)
✔ removing method metadata cannot leave an apparently current generated directory (39.8043ms)
✔ a current resource hash cannot transfer an old document review to changed bytes (52.939ms)
✔ portable content identity is unchanged by checkout location (186.4667ms)
✔ specialist discovery works and returns reasons, not activation (64.1398ms)
✔ changed bytes and extra undeclared files invalidate a built release (142.6239ms)
✔ missing resources, dangling relations, path escape, and metadata mismatch fail validation (133.5149ms)
✔ installer preserves unrelated skills, backs up replacements, and rolls back exact bytes (304.7527ms)
✔ rollback refuses to overwrite a skill edited after installation (218.7175ms)
✔ installer rejects overlapping roots and does not reuse a backup directory (241.9146ms)
✔ real product CLI works from a copied pack and a minimal environment (1707.5984ms)
✔ portable metadata rejects unrecognized task types (31.4559ms)
✔ portable reference URLs are not mistaken for local drive paths (111.7292ms)
✔ machine-specific drive, home and UNC paths remain rejected (358.9242ms)
✔ installer refuses a junction that would redirect a target outside its named directory (64.7436ms)
✔ installer never replaces an unrelated existing runtime directory (115.1993ms)
✔ staged skill bytes must match the approved release, not merely their own new hash (77.6997ms)
✔ rollback refuses an occupied runtime recovery destination before moving skills (347.7427ms)
✔ self-consistent hashes cannot hide missing catalog entries or invalid metadata (181.5966ms)
✔ a root __proto__ file is included in integrity checks (76.116ms)
✔ exact declared negative phrases exclude discovery without granting authority (0.4201ms)
✔ platform-reserved path components cannot enter a portable release (10.5731ms)
✔ manifest generation never overwrites an outside file through a hardlink (59.9584ms)
✔ different-volume commit destinations are rejected before any skills move (94.8745ms)
ℹ tests 46
ℹ suites 0
ℹ pass 46
ℹ fail 0
ℹ cancelled 0
ℹ skipped 0
ℹ todo 0
ℹ duration_ms 19271.133
