TAP version 13
# Subtest: the immutable core2260 fixture is exact and all 68 scoring, relation, specialization, and maturity projections remain ordered
ok 1 - the immutable core2260 fixture is exact and all 68 scoring, relation, specialization, and maturity projections remain ordered
  ---
  duration_ms: 4.7697
  type: 'test'
  ...
# Subtest: exactly four new resource paths are added and every existing resource binding stays unchanged
ok 2 - exactly four new resource paths are added and every existing resource binding stays unchanged
  ---
  duration_ms: 2.9733
  type: 'test'
  ...
# Subtest: Hermes and Math retain canonical-main frontmatter and Hermes ordinary workflow body
ok 3 - Hermes and Math retain canonical-main frontmatter and Hermes ordinary workflow body
  ---
  duration_ms: 0.3849
  type: 'test'
  ...
# Subtest: conditional method links remain with their owners and B04 is not a Hermes resource
ok 4 - conditional method links remain with their owners and B04 is not a Hermes resource
  ---
  duration_ms: 0.7074
  type: 'test'
  ...
# Subtest: the selected-method directory binds exactly the four new owner methods and their exclusions
ok 5 - the selected-method directory binds exactly the four new owner methods and their exclusions
  ---
  duration_ms: 9.2446
  type: 'test'
  ...
# Subtest: Daedalus owns optional model scenarios without weakening deterministic required checks
ok 6 - Daedalus owns optional model scenarios without weakening deterministic required checks
  ---
  duration_ms: 0.6936
  type: 'test'
  ...
# Subtest: frozen Hermes body case C01 retains its declared conformance boundary
ok 7 - frozen Hermes body case C01 retains its declared conformance boundary
  ---
  duration_ms: 0.469
  type: 'test'
  ...
# Subtest: frozen Hermes body case C02 retains its declared conformance boundary
ok 8 - frozen Hermes body case C02 retains its declared conformance boundary
  ---
  duration_ms: 0.1017
  type: 'test'
  ...
# Subtest: frozen Hermes body case C03 retains its declared conformance boundary
ok 9 - frozen Hermes body case C03 retains its declared conformance boundary
  ---
  duration_ms: 0.2406
  type: 'test'
  ...
# Subtest: frozen Hermes body case C04 retains its declared conformance boundary
ok 10 - frozen Hermes body case C04 retains its declared conformance boundary
  ---
  duration_ms: 0.2096
  type: 'test'
  ...
# Subtest: frozen Hermes body case C05 retains its declared conformance boundary
ok 11 - frozen Hermes body case C05 retains its declared conformance boundary
  ---
  duration_ms: 0.383
  type: 'test'
  ...
# Subtest: frozen Hermes body case C06 retains its declared conformance boundary
ok 12 - frozen Hermes body case C06 retains its declared conformance boundary
  ---
  duration_ms: 0.1755
  type: 'test'
  ...
# Subtest: frozen Hermes body case C07 retains its declared conformance boundary
ok 13 - frozen Hermes body case C07 retains its declared conformance boundary
  ---
  duration_ms: 0.0341
  type: 'test'
  ...
# Subtest: frozen Hermes body case C08 retains its declared conformance boundary
ok 14 - frozen Hermes body case C08 retains its declared conformance boundary
  ---
  duration_ms: 0.3071
  type: 'test'
  ...
# Subtest: frozen Hermes body case R01 retains its declared conformance boundary
ok 15 - frozen Hermes body case R01 retains its declared conformance boundary
  ---
  duration_ms: 0.1803
  type: 'test'
  ...
# Subtest: frozen Hermes body case R02 retains its declared conformance boundary
ok 16 - frozen Hermes body case R02 retains its declared conformance boundary
  ---
  duration_ms: 0.2585
  type: 'test'
  ...
# Subtest: frozen Hermes body case L01 retains its declared conformance boundary
ok 17 - frozen Hermes body case L01 retains its declared conformance boundary
  ---
  duration_ms: 0.1656
  type: 'test'
  ...
# Subtest: frozen Hermes body case L02 retains its declared conformance boundary
ok 18 - frozen Hermes body case L02 retains its declared conformance boundary
  ---
  duration_ms: 0.1022
  type: 'test'
  ...
# Subtest: frozen Hermes body case L03 retains its declared conformance boundary
ok 19 - frozen Hermes body case L03 retains its declared conformance boundary
  ---
  duration_ms: 0.1825
  type: 'test'
  ...
# Subtest: frozen Hermes body case L04 retains its declared conformance boundary
ok 20 - frozen Hermes body case L04 retains its declared conformance boundary
  ---
  duration_ms: 0.1522
  type: 'test'
  ...
# Subtest: frozen Hermes body case L05 retains its declared conformance boundary
ok 21 - frozen Hermes body case L05 retains its declared conformance boundary
  ---
  duration_ms: 0.3064
  type: 'test'
  ...
# Subtest: frozen Hermes body case L06 retains its declared conformance boundary
ok 22 - frozen Hermes body case L06 retains its declared conformance boundary
  ---
  duration_ms: 0.4351
  type: 'test'
  ...
# Subtest: frozen Hermes body case L07 retains its declared conformance boundary
ok 23 - frozen Hermes body case L07 retains its declared conformance boundary
  ---
  duration_ms: 0.1492
  type: 'test'
  ...
# Subtest: frozen Hermes body case E01 retains its declared conformance boundary
ok 24 - frozen Hermes body case E01 retains its declared conformance boundary
  ---
  duration_ms: 0.1842
  type: 'test'
  ...
# Subtest: Daedalus optional CI placement contract: default path
ok 25 - Daedalus optional CI placement contract: default path
  ---
  duration_ms: 0.1587
  type: 'test'
  ...
# Subtest: Daedalus optional CI placement contract: separate merge lane
ok 26 - Daedalus optional CI placement contract: separate merge lane
  ---
  duration_ms: 0.1449
  type: 'test'
  ...
# Subtest: Daedalus optional CI placement contract: behavior-based classification
ok 27 - Daedalus optional CI placement contract: behavior-based classification
  ---
  duration_ms: 0.0742
  type: 'test'
  ...
# Subtest: Daedalus optional CI placement contract: bounded and attributable run
ok 28 - Daedalus optional CI placement contract: bounded and attributable run
  ---
  duration_ms: 0.1066
  type: 'test'
  ...
# Subtest: Daedalus optional CI placement contract: separate result states
ok 29 - Daedalus optional CI placement contract: separate result states
  ---
  duration_ms: 0.2413
  type: 'test'
  ...
# Subtest: Daedalus optional CI placement contract: uncertain request recovery
ok 30 - Daedalus optional CI placement contract: uncertain request recovery
  ---
  duration_ms: 0.1169
  type: 'test'
  ...
# Subtest: Daedalus optional CI placement contract: no duplicate policy and exact selection audit
ok 31 - Daedalus optional CI placement contract: no duplicate policy and exact selection audit
  ---
  duration_ms: 0.0326
  type: 'test'
  ...
# Subtest: Daedalus optional CI placement contract: evidence limits
ok 32 - Daedalus optional CI placement contract: evidence limits
  ---
  duration_ms: 0.1756
  type: 'test'
  ...
# Subtest: frozen candidate validates locally without executing its scenarios
ok 33 - frozen candidate validates locally without executing its scenarios
  ---
  duration_ms: 565.7035
  type: 'test'
  ...
# Subtest: new owner refinement is discoverable for eternities-hermes
ok 34 - new owner refinement is discoverable for eternities-hermes
  ---
  duration_ms: 3.4086
  type: 'test'
  ...
# Subtest: new owner refinement is discoverable for eternities-daedalus
ok 35 - new owner refinement is discoverable for eternities-daedalus
  ---
  duration_ms: 2.4511
  type: 'test'
  ...
# Subtest: new owner refinement is discoverable for eternities-logos
ok 36 - new owner refinement is discoverable for eternities-logos
  ---
  duration_ms: 1.8294
  type: 'test'
  ...
# Subtest: new owner refinement is discoverable for eternities-agora
ok 37 - new owner refinement is discoverable for eternities-agora
  ---
  duration_ms: 1.7018
  type: 'test'
  ...
# Subtest: partial-commit method routes contradictory or paraphrased request: A database action succeeded but a downstream service failed: decide what remains committed, what is undone, and how to reconcile before retrying
ok 38 - partial-commit method routes contradictory or paraphrased request: A database action succeeded but a downstream service failed: decide what remains committed, what is undone, and how to reconcile before retrying
  ---
  duration_ms: 1.9579
  type: 'test'
  ...
# Subtest: partial-commit method routes contradictory or paraphrased request: A write is durable but the downstream step failed; decide whether to compensate or safely continue after checking persisted state
ok 39 - partial-commit method routes contradictory or paraphrased request: A write is durable but the downstream step failed; decide whether to compensate or safely continue after checking persisted state
  ---
  duration_ms: 1.5634
  type: 'test'
  ...
# Subtest: partial-commit method routes contradictory or paraphrased request: The service should be atomic even though the first database commit must remain when the next provider call fails
ok 40 - partial-commit method routes contradictory or paraphrased request: The service should be atomic even though the first database commit must remain when the next provider call fails
  ---
  duration_ms: 1.445
  type: 'test'
  ...
# Subtest: partial-commit method limits atomicity to a supported transaction boundary
ok 41 - partial-commit method limits atomicity to a supported transaction boundary
  ---
  duration_ms: 3.2762
  type: 'test'
  ...
# Subtest: cross-owner handoffs appear in discovery relationships
ok 42 - cross-owner handoffs appear in discovery relationships
  ---
  duration_ms: 0.1618
  type: 'test'
  ...
# Subtest: eternities-hermes provides the bounded method contract
ok 43 - eternities-hermes provides the bounded method contract
  ---
  duration_ms: 0.9958
  type: 'test'
  ...
# Subtest: eternities-daedalus provides the bounded method contract
ok 44 - eternities-daedalus provides the bounded method contract
  ---
  duration_ms: 0.5747
  type: 'test'
  ...
# Subtest: eternities-logos provides the bounded method contract
ok 45 - eternities-logos provides the bounded method contract
  ---
  duration_ms: 0.6075
  type: 'test'
  ...
# Subtest: eternities-agora provides the bounded method contract
ok 46 - eternities-agora provides the bounded method contract
  ---
  duration_ms: 0.6232
  type: 'test'
  ...
# Subtest: the refined product remains a verified, offline package
ok 47 - the refined product remains a verified, offline package
  ---
  duration_ms: 280.9539
  type: 'test'
  ...
1..47
# tests 47
# suites 0
# pass 47
# fail 0
# cancelled 0
# skipped 0
# todo 0
# duration_ms 651.684
